[2026-04-21T08:06:03.364028+00:00] main.ERROR: {"feed":"undefined","operation":"undefined","status":"Cannot set indexer to Update On Schedule mode: Invalid entity_type specified: catalog_product","elapsed":"515 ms","pid":"1825","caller":"bin\/magento setup:install --db-host=db --db-name=magento --db-user=magento --db-password=magento"} {"indexer":"catalogsearch_fulltext","exception":"[object] (Magento\\Framework\\Exception\\LocalizedException(code: 0): Invalid entity_type specified: catalog_product at /var/www/html/vendor/magento/module-eav/Model/Config.php:472)"} []
[2026-04-21T08:06:17.528481+00:00] main.INFO: {"feed":"salesOrders","operation":"full reindex(legacy)","status":"Initialize","elapsed":"844 ms","pid":"1825","caller":"bin\/magento setup:install --db-host=db --db-name=magento --db-user=magento --db-password=magento"} [] []
[2026-04-21T08:06:17.596858+00:00] main.INFO: {"feed":"salesOrders","operation":"full reindex(legacy)","status":"Creating batch table `sales_data_exporter_orders_index_batches`. Start position: 0","elapsed":"912 ms","pid":"1825","caller":"bin\/magento setup:install --db-host=db --db-name=magento --db-user=magento --db-password=magento"} [] []
[2026-04-21T08:06:17.630503+00:00] main.INFO: {"feed":"salesOrders","operation":"full reindex(legacy)","status":"Batch table `sales_data_exporter_orders_index_batches` created. Total Items: 0, batches: ~0","elapsed":"946 ms","pid":"1825","caller":"bin\/magento setup:install --db-host=db --db-name=magento --db-user=magento --db-password=magento"} [] []
[2026-04-21T08:06:17.631108+00:00] main.INFO: {"feed":"salesOrders","operation":"full reindex(legacy)","status":"nothing to process - no items to sync. Not expected? Are there any items in source table `sales_order`?","elapsed":"946 ms","pid":"1825","caller":"bin\/magento setup:install --db-host=db --db-name=magento --db-user=magento --db-password=magento"} [] []
[2026-04-21T08:06:17.637928+00:00] main.INFO: {"feed":"salesOrders","operation":"full reindex(legacy)","status":"Complete","elapsed":"953 ms","pid":"1825","caller":"bin\/magento setup:install --db-host=db --db-name=magento --db-user=magento --db-password=magento"} [] []
[2026-04-21T08:06:17.665264+00:00] main.INFO: {"feed":"salesOrderStatuses","operation":"full reindex(legacy)","status":"Initialize","elapsed":"00:00:00 117 ms","pid":"1825","caller":"bin\/magento setup:install --db-host=db --db-name=magento --db-user=magento --db-password=magento"} [] []
[2026-04-21T08:06:17.715671+00:00] main.INFO: {"feed":"salesOrderStatuses","operation":"full reindex(legacy)","status":"Creating batch table `sales_data_exporter_order_statuses_index_batches`. Start position: ","elapsed":"00:00:00 168 ms","pid":"1825","caller":"bin\/magento setup:install --db-host=db --db-name=magento --db-user=magento --db-password=magento"} [] []
[2026-04-21T08:06:17.756492+00:00] main.INFO: {"feed":"salesOrderStatuses","operation":"full reindex(legacy)","status":"Batch table `sales_data_exporter_order_statuses_index_batches` created. Total Items: 12, batches: ~0","elapsed":"00:00:00 208 ms","pid":"1825","caller":"bin\/magento setup:install --db-host=db --db-name=magento --db-user=magento --db-password=magento"} [] []
[2026-04-21T08:06:17.757137+00:00] main.INFO: {"feed":"salesOrderStatuses","operation":"full reindex(legacy)","status":"start processing `12` items in `1` threads with `100` batch size","elapsed":"00:00:00 209 ms","pid":"1825","caller":"bin\/magento setup:install --db-host=db --db-name=magento --db-user=magento --db-password=magento"} [] []
[2026-04-21T08:06:17.802205+00:00] main.INFO: {"feed":"salesOrderStatuses","operation":"full reindex(legacy)","status":"Progress 1\/1, processed 12, synced 12","elapsed":"00:00:00 254 ms","pid":"1825","caller":"bin\/magento setup:install --db-host=db --db-name=magento --db-user=magento --db-password=magento"} [] []
[2026-04-21T08:06:17.806312+00:00] main.INFO: {"feed":"salesOrderStatuses","operation":"full reindex(legacy)","status":"Complete","elapsed":"00:00:00 258 ms","pid":"1825","caller":"bin\/magento setup:install --db-host=db --db-name=magento --db-user=magento --db-password=magento"} [] []
[2026-04-21T08:06:17.829690+00:00] main.INFO: {"feed":"stores","operation":"full reindex(legacy)","status":"Initialize","elapsed":"00:00:00 446 ms","pid":"1825","caller":"bin\/magento setup:install --db-host=db --db-name=magento --db-user=magento --db-password=magento"} [] []
[2026-04-21T08:06:17.877742+00:00] main.INFO: {"feed":"stores","operation":"full reindex(legacy)","status":"Creating batch table `stores_data_exporter_index_batches`. Start position: 0","elapsed":"00:00:00 494 ms","pid":"1825","caller":"bin\/magento setup:install --db-host=db --db-name=magento --db-user=magento --db-password=magento"} [] []
[2026-04-21T08:06:17.905529+00:00] main.INFO: {"feed":"stores","operation":"full reindex(legacy)","status":"Batch table `stores_data_exporter_index_batches` created. Total Items: 1, batches: ~0","elapsed":"00:00:00 522 ms","pid":"1825","caller":"bin\/magento setup:install --db-host=db --db-name=magento --db-user=magento --db-password=magento"} [] []
[2026-04-21T08:06:17.906200+00:00] main.INFO: {"feed":"stores","operation":"full reindex(legacy)","status":"start processing `1` items in `1` threads with `100` batch size","elapsed":"00:00:00 523 ms","pid":"1825","caller":"bin\/magento setup:install --db-host=db --db-name=magento --db-user=magento --db-password=magento"} [] []
[2026-04-21T08:06:17.918102+00:00] main.INFO: {"feed":"stores","operation":"full reindex(legacy)","status":"Progress 1\/1, processed 1, synced 1","elapsed":"00:00:00 534 ms","pid":"1825","caller":"bin\/magento setup:install --db-host=db --db-name=magento --db-user=magento --db-password=magento"} [] []
[2026-04-21T08:06:17.921657+00:00] main.INFO: {"feed":"stores","operation":"full reindex(legacy)","status":"Complete","elapsed":"00:00:00 538 ms","pid":"1825","caller":"bin\/magento setup:install --db-host=db --db-name=magento --db-user=magento --db-password=magento"} [] []
[2026-04-21T08:08:38.019711+00:00] main.INFO: {"feed":"salesOrders","operation":"full reindex(legacy)","status":"Initialize","elapsed":"00:00:00 826 ms","pid":"1843","caller":"bin\/magento indexer:reindex"} [] []
[2026-04-21T08:08:38.109544+00:00] main.INFO: {"feed":"salesOrders","operation":"full reindex(legacy)","status":"Creating batch table `sales_data_exporter_orders_index_batches`. Start position: 0","elapsed":"00:00:01 916 ms","pid":"1843","caller":"bin\/magento indexer:reindex"} [] []
[2026-04-21T08:08:38.178411+00:00] main.INFO: {"feed":"salesOrders","operation":"full reindex(legacy)","status":"Batch table `sales_data_exporter_orders_index_batches` created. Total Items: 0, batches: ~0","elapsed":"00:00:01 985 ms","pid":"1843","caller":"bin\/magento indexer:reindex"} [] []
[2026-04-21T08:08:38.178745+00:00] main.INFO: {"feed":"salesOrders","operation":"full reindex(legacy)","status":"nothing to process - no items to sync. Not expected? Are there any items in source table `sales_order`?","elapsed":"00:00:01 985 ms","pid":"1843","caller":"bin\/magento indexer:reindex"} [] []
[2026-04-21T08:08:38.181316+00:00] main.INFO: {"feed":"salesOrders","operation":"full reindex(legacy)","status":"Complete","elapsed":"00:00:01 988 ms","pid":"1843","caller":"bin\/magento indexer:reindex"} [] []
[2026-04-21T08:08:38.214663+00:00] main.INFO: {"feed":"salesOrderStatuses","operation":"full reindex(legacy)","status":"Initialize","elapsed":"216 ms","pid":"1843","caller":"bin\/magento indexer:reindex"} [] []
[2026-04-21T08:08:38.315779+00:00] main.INFO: {"feed":"salesOrderStatuses","operation":"full reindex(legacy)","status":"Creating batch table `sales_data_exporter_order_statuses_index_batches`. Start position: ","elapsed":"317 ms","pid":"1843","caller":"bin\/magento indexer:reindex"} [] []
[2026-04-21T08:08:38.385569+00:00] main.INFO: {"feed":"salesOrderStatuses","operation":"full reindex(legacy)","status":"Batch table `sales_data_exporter_order_statuses_index_batches` created. Total Items: 12, batches: ~0","elapsed":"387 ms","pid":"1843","caller":"bin\/magento indexer:reindex"} [] []
[2026-04-21T08:08:38.385924+00:00] main.INFO: {"feed":"salesOrderStatuses","operation":"full reindex(legacy)","status":"start processing `12` items in `1` threads with `100` batch size","elapsed":"387 ms","pid":"1843","caller":"bin\/magento indexer:reindex"} [] []
[2026-04-21T08:08:38.408207+00:00] main.INFO: {"feed":"salesOrderStatuses","operation":"full reindex(legacy)","status":"Progress 1\/1, processed 12, synced 12","elapsed":"410 ms","pid":"1843","caller":"bin\/magento indexer:reindex"} [] []
[2026-04-21T08:08:38.419426+00:00] main.INFO: {"feed":"salesOrderStatuses","operation":"full reindex(legacy)","status":"Complete","elapsed":"421 ms","pid":"1843","caller":"bin\/magento indexer:reindex"} [] []
[2026-04-21T08:08:38.453666+00:00] main.INFO: {"feed":"stores","operation":"full reindex(legacy)","status":"Initialize","elapsed":"694 ms","pid":"1843","caller":"bin\/magento indexer:reindex"} [] []
[2026-04-21T08:08:38.550454+00:00] main.INFO: {"feed":"stores","operation":"full reindex(legacy)","status":"Creating batch table `stores_data_exporter_index_batches`. Start position: 0","elapsed":"791 ms","pid":"1843","caller":"bin\/magento indexer:reindex"} [] []
[2026-04-21T08:08:38.618912+00:00] main.INFO: {"feed":"stores","operation":"full reindex(legacy)","status":"Batch table `stores_data_exporter_index_batches` created. Total Items: 1, batches: ~0","elapsed":"859 ms","pid":"1843","caller":"bin\/magento indexer:reindex"} [] []
[2026-04-21T08:08:38.619255+00:00] main.INFO: {"feed":"stores","operation":"full reindex(legacy)","status":"start processing `1` items in `1` threads with `100` batch size","elapsed":"860 ms","pid":"1843","caller":"bin\/magento indexer:reindex"} [] []
[2026-04-21T08:08:38.636538+00:00] main.INFO: {"feed":"stores","operation":"full reindex(legacy)","status":"Progress 1\/1, processed 1, synced 1","elapsed":"877 ms","pid":"1843","caller":"bin\/magento indexer:reindex"} [] []
[2026-04-21T08:08:38.644587+00:00] main.INFO: {"feed":"stores","operation":"full reindex(legacy)","status":"Complete","elapsed":"885 ms","pid":"1843","caller":"bin\/magento indexer:reindex"} [] []
[2026-04-21T08:22:28.735367+00:00] main.INFO: {"feed":"salesOrders","operation":"full reindex(legacy)","status":"Initialize","elapsed":"00:00:00 257 ms","pid":"299","caller":"bin\/magento indexer:reindex"} [] []
[2026-04-21T08:22:28.823295+00:00] main.INFO: {"feed":"salesOrders","operation":"full reindex(legacy)","status":"Creating batch table `sales_data_exporter_orders_index_batches`. Start position: 0","elapsed":"00:00:00 345 ms","pid":"299","caller":"bin\/magento indexer:reindex"} [] []
[2026-04-21T08:22:28.882890+00:00] main.INFO: {"feed":"salesOrders","operation":"full reindex(legacy)","status":"Batch table `sales_data_exporter_orders_index_batches` created. Total Items: 0, batches: ~0","elapsed":"00:00:00 405 ms","pid":"299","caller":"bin\/magento indexer:reindex"} [] []
[2026-04-21T08:22:28.883420+00:00] main.INFO: {"feed":"salesOrders","operation":"full reindex(legacy)","status":"nothing to process - no items to sync. Not expected? Are there any items in source table `sales_order`?","elapsed":"00:00:00 405 ms","pid":"299","caller":"bin\/magento indexer:reindex"} [] []
[2026-04-21T08:22:28.889603+00:00] main.INFO: {"feed":"salesOrders","operation":"full reindex(legacy)","status":"Complete","elapsed":"00:00:00 412 ms","pid":"299","caller":"bin\/magento indexer:reindex"} [] []
[2026-04-21T08:22:28.923336+00:00] main.INFO: {"feed":"salesOrderStatuses","operation":"full reindex(legacy)","status":"Initialize","elapsed":"00:00:00 633 ms","pid":"299","caller":"bin\/magento indexer:reindex"} [] []
[2026-04-21T08:22:29.003571+00:00] main.INFO: {"feed":"salesOrderStatuses","operation":"full reindex(legacy)","status":"Creating batch table `sales_data_exporter_order_statuses_index_batches`. Start position: ","elapsed":"00:00:00 714 ms","pid":"299","caller":"bin\/magento indexer:reindex"} [] []
[2026-04-21T08:22:29.067773+00:00] main.INFO: {"feed":"salesOrderStatuses","operation":"full reindex(legacy)","status":"Batch table `sales_data_exporter_order_statuses_index_batches` created. Total Items: 12, batches: ~0","elapsed":"00:00:00 778 ms","pid":"299","caller":"bin\/magento indexer:reindex"} [] []
[2026-04-21T08:22:29.068186+00:00] main.INFO: {"feed":"salesOrderStatuses","operation":"full reindex(legacy)","status":"start processing `12` items in `1` threads with `100` batch size","elapsed":"00:00:00 778 ms","pid":"299","caller":"bin\/magento indexer:reindex"} [] []
[2026-04-21T08:22:29.112859+00:00] main.INFO: {"feed":"salesOrderStatuses","operation":"full reindex(legacy)","status":"Progress 1\/1, processed 12, synced 12","elapsed":"00:00:01 823 ms","pid":"299","caller":"bin\/magento indexer:reindex"} [] []
[2026-04-21T08:22:29.118914+00:00] main.INFO: {"feed":"salesOrderStatuses","operation":"full reindex(legacy)","status":"Complete","elapsed":"00:00:01 829 ms","pid":"299","caller":"bin\/magento indexer:reindex"} [] []
[2026-04-21T08:22:29.142929+00:00] main.INFO: {"feed":"stores","operation":"full reindex(legacy)","status":"Initialize","elapsed":"73 ms","pid":"299","caller":"bin\/magento indexer:reindex"} [] []
[2026-04-21T08:22:29.220759+00:00] main.INFO: {"feed":"stores","operation":"full reindex(legacy)","status":"Creating batch table `stores_data_exporter_index_batches`. Start position: 0","elapsed":"150 ms","pid":"299","caller":"bin\/magento indexer:reindex"} [] []
[2026-04-21T08:22:29.276232+00:00] main.INFO: {"feed":"stores","operation":"full reindex(legacy)","status":"Batch table `stores_data_exporter_index_batches` created. Total Items: 1, batches: ~0","elapsed":"206 ms","pid":"299","caller":"bin\/magento indexer:reindex"} [] []
[2026-04-21T08:22:29.276591+00:00] main.INFO: {"feed":"stores","operation":"full reindex(legacy)","status":"start processing `1` items in `1` threads with `100` batch size","elapsed":"206 ms","pid":"299","caller":"bin\/magento indexer:reindex"} [] []
[2026-04-21T08:22:29.289726+00:00] main.INFO: {"feed":"stores","operation":"full reindex(legacy)","status":"Progress 1\/1, processed 1, synced 1","elapsed":"219 ms","pid":"299","caller":"bin\/magento indexer:reindex"} [] []
[2026-04-21T08:22:29.293550+00:00] main.INFO: {"feed":"stores","operation":"full reindex(legacy)","status":"Complete","elapsed":"223 ms","pid":"299","caller":"bin\/magento indexer:reindex"} [] []
[2026-04-21T08:41:17.737194+00:00] main.INFO: {"feed":"salesOrders","operation":"full reindex(legacy)","status":"Initialize","elapsed":"00:00:00 261 ms","pid":"378","caller":"bin\/magento indexer:reindex"} [] []
[2026-04-21T08:41:17.849481+00:00] main.INFO: {"feed":"salesOrders","operation":"full reindex(legacy)","status":"Creating batch table `sales_data_exporter_orders_index_batches`. Start position: 0","elapsed":"00:00:00 373 ms","pid":"378","caller":"bin\/magento indexer:reindex"} [] []
[2026-04-21T08:41:17.919986+00:00] main.INFO: {"feed":"salesOrders","operation":"full reindex(legacy)","status":"Batch table `sales_data_exporter_orders_index_batches` created. Total Items: 0, batches: ~0","elapsed":"00:00:00 444 ms","pid":"378","caller":"bin\/magento indexer:reindex"} [] []
[2026-04-21T08:41:17.920665+00:00] main.INFO: {"feed":"salesOrders","operation":"full reindex(legacy)","status":"nothing to process - no items to sync. Not expected? Are there any items in source table `sales_order`?","elapsed":"00:00:00 444 ms","pid":"378","caller":"bin\/magento indexer:reindex"} [] []
[2026-04-21T08:41:17.925682+00:00] main.INFO: {"feed":"salesOrders","operation":"full reindex(legacy)","status":"Complete","elapsed":"00:00:00 449 ms","pid":"378","caller":"bin\/magento indexer:reindex"} [] []
[2026-04-21T08:41:17.966914+00:00] main.INFO: {"feed":"salesOrderStatuses","operation":"full reindex(legacy)","status":"Initialize","elapsed":"00:00:00 720 ms","pid":"378","caller":"bin\/magento indexer:reindex"} [] []
[2026-04-21T08:41:18.048836+00:00] main.INFO: {"feed":"salesOrderStatuses","operation":"full reindex(legacy)","status":"Creating batch table `sales_data_exporter_order_statuses_index_batches`. Start position: ","elapsed":"00:00:00 802 ms","pid":"378","caller":"bin\/magento indexer:reindex"} [] []
[2026-04-21T08:41:18.112239+00:00] main.INFO: {"feed":"salesOrderStatuses","operation":"full reindex(legacy)","status":"Batch table `sales_data_exporter_order_statuses_index_batches` created. Total Items: 12, batches: ~0","elapsed":"00:00:01 866 ms","pid":"378","caller":"bin\/magento indexer:reindex"} [] []
[2026-04-21T08:41:18.112743+00:00] main.INFO: {"feed":"salesOrderStatuses","operation":"full reindex(legacy)","status":"start processing `12` items in `1` threads with `100` batch size","elapsed":"00:00:01 866 ms","pid":"378","caller":"bin\/magento indexer:reindex"} [] []
[2026-04-21T08:41:18.157930+00:00] main.INFO: {"feed":"salesOrderStatuses","operation":"full reindex(legacy)","status":"Progress 1\/1, processed 12, synced 12","elapsed":"00:00:01 911 ms","pid":"378","caller":"bin\/magento indexer:reindex"} [] []
[2026-04-21T08:41:18.163543+00:00] main.INFO: {"feed":"salesOrderStatuses","operation":"full reindex(legacy)","status":"Complete","elapsed":"00:00:01 917 ms","pid":"378","caller":"bin\/magento indexer:reindex"} [] []
[2026-04-21T08:41:18.192013+00:00] main.INFO: {"feed":"stores","operation":"full reindex(legacy)","status":"Initialize","elapsed":"171 ms","pid":"378","caller":"bin\/magento indexer:reindex"} [] []
[2026-04-21T08:41:18.276355+00:00] main.INFO: {"feed":"stores","operation":"full reindex(legacy)","status":"Creating batch table `stores_data_exporter_index_batches`. Start position: 0","elapsed":"255 ms","pid":"378","caller":"bin\/magento indexer:reindex"} [] []
[2026-04-21T08:41:18.333172+00:00] main.INFO: {"feed":"stores","operation":"full reindex(legacy)","status":"Batch table `stores_data_exporter_index_batches` created. Total Items: 1, batches: ~0","elapsed":"312 ms","pid":"378","caller":"bin\/magento indexer:reindex"} [] []
[2026-04-21T08:41:18.333546+00:00] main.INFO: {"feed":"stores","operation":"full reindex(legacy)","status":"start processing `1` items in `1` threads with `100` batch size","elapsed":"312 ms","pid":"378","caller":"bin\/magento indexer:reindex"} [] []
[2026-04-21T08:41:18.346685+00:00] main.INFO: {"feed":"stores","operation":"full reindex(legacy)","status":"Progress 1\/1, processed 1, synced 1","elapsed":"325 ms","pid":"378","caller":"bin\/magento indexer:reindex"} [] []
[2026-04-21T08:41:18.350514+00:00] main.INFO: {"feed":"stores","operation":"full reindex(legacy)","status":"Complete","elapsed":"329 ms","pid":"378","caller":"bin\/magento indexer:reindex"} [] []
[2026-04-21T08:52:28.946388+00:00] main.INFO: {"feed":"salesOrders","operation":"full reindex(legacy)","status":"Initialize","elapsed":"00:00:00 679 ms","pid":"404","caller":"bin\/magento indexer:reindex"} [] []
[2026-04-21T08:52:29.122857+00:00] main.INFO: {"feed":"salesOrders","operation":"full reindex(legacy)","status":"Creating batch table `sales_data_exporter_orders_index_batches`. Start position: 0","elapsed":"00:00:01 856 ms","pid":"404","caller":"bin\/magento indexer:reindex"} [] []
[2026-04-21T08:52:29.221273+00:00] main.INFO: {"feed":"salesOrders","operation":"full reindex(legacy)","status":"Batch table `sales_data_exporter_orders_index_batches` created. Total Items: 0, batches: ~0","elapsed":"00:00:01 954 ms","pid":"404","caller":"bin\/magento indexer:reindex"} [] []
[2026-04-21T08:52:29.222017+00:00] main.INFO: {"feed":"salesOrders","operation":"full reindex(legacy)","status":"nothing to process - no items to sync. Not expected? Are there any items in source table `sales_order`?","elapsed":"00:00:01 955 ms","pid":"404","caller":"bin\/magento indexer:reindex"} [] []
[2026-04-21T08:52:29.230443+00:00] main.INFO: {"feed":"salesOrders","operation":"full reindex(legacy)","status":"Complete","elapsed":"00:00:01 963 ms","pid":"404","caller":"bin\/magento indexer:reindex"} [] []
[2026-04-21T08:52:29.281788+00:00] main.INFO: {"feed":"salesOrderStatuses","operation":"full reindex(legacy)","status":"Initialize","elapsed":"350 ms","pid":"404","caller":"bin\/magento indexer:reindex"} [] []
[2026-04-21T08:52:29.400871+00:00] main.INFO: {"feed":"salesOrderStatuses","operation":"full reindex(legacy)","status":"Creating batch table `sales_data_exporter_order_statuses_index_batches`. Start position: ","elapsed":"469 ms","pid":"404","caller":"bin\/magento indexer:reindex"} [] []
[2026-04-21T08:52:29.483720+00:00] main.INFO: {"feed":"salesOrderStatuses","operation":"full reindex(legacy)","status":"Batch table `sales_data_exporter_order_statuses_index_batches` created. Total Items: 12, batches: ~0","elapsed":"552 ms","pid":"404","caller":"bin\/magento indexer:reindex"} [] []
[2026-04-21T08:52:29.487917+00:00] main.INFO: {"feed":"salesOrderStatuses","operation":"full reindex(legacy)","status":"start processing `12` items in `1` threads with `100` batch size","elapsed":"553 ms","pid":"404","caller":"bin\/magento indexer:reindex"} [] []
[2026-04-21T08:52:29.576770+00:00] main.INFO: {"feed":"salesOrderStatuses","operation":"full reindex(legacy)","status":"Progress 1\/1, processed 12, synced 12","elapsed":"645 ms","pid":"404","caller":"bin\/magento indexer:reindex"} [] []
[2026-04-21T08:52:29.586705+00:00] main.INFO: {"feed":"salesOrderStatuses","operation":"full reindex(legacy)","status":"Complete","elapsed":"655 ms","pid":"404","caller":"bin\/magento indexer:reindex"} [] []
[2026-04-21T08:52:29.623535+00:00] main.INFO: {"feed":"stores","operation":"full reindex(legacy)","status":"Initialize","elapsed":"00:00:00 34 ms","pid":"404","caller":"bin\/magento indexer:reindex"} [] []
[2026-04-21T08:52:29.709408+00:00] main.INFO: {"feed":"stores","operation":"full reindex(legacy)","status":"Creating batch table `stores_data_exporter_index_batches`. Start position: 0","elapsed":"00:00:00 120 ms","pid":"404","caller":"bin\/magento indexer:reindex"} [] []
[2026-04-21T08:52:29.764828+00:00] main.INFO: {"feed":"stores","operation":"full reindex(legacy)","status":"Batch table `stores_data_exporter_index_batches` created. Total Items: 1, batches: ~0","elapsed":"00:00:00 175 ms","pid":"404","caller":"bin\/magento indexer:reindex"} [] []
[2026-04-21T08:52:29.765441+00:00] main.INFO: {"feed":"stores","operation":"full reindex(legacy)","status":"start processing `1` items in `1` threads with `100` batch size","elapsed":"00:00:00 176 ms","pid":"404","caller":"bin\/magento indexer:reindex"} [] []
[2026-04-21T08:52:29.779128+00:00] main.INFO: {"feed":"stores","operation":"full reindex(legacy)","status":"Progress 1\/1, processed 1, synced 1","elapsed":"00:00:00 189 ms","pid":"404","caller":"bin\/magento indexer:reindex"} [] []
[2026-04-21T08:52:29.782380+00:00] main.INFO: {"feed":"stores","operation":"full reindex(legacy)","status":"Complete","elapsed":"00:00:00 193 ms","pid":"404","caller":"bin\/magento indexer:reindex"} [] []
[2026-04-21T08:57:16.585005+00:00] main.INFO: {"feed":"salesOrders","operation":"full reindex(legacy)","status":"Initialize","elapsed":"957 ms","pid":"423","caller":"bin\/magento indexer:reindex"} [] []
[2026-04-21T08:57:16.648942+00:00] main.INFO: {"feed":"salesOrders","operation":"full reindex(legacy)","status":"Creating batch table `sales_data_exporter_orders_index_batches`. Start position: 0","elapsed":"00:00:00 21 ms","pid":"423","caller":"bin\/magento indexer:reindex"} [] []
[2026-04-21T08:57:16.683542+00:00] main.INFO: {"feed":"salesOrders","operation":"full reindex(legacy)","status":"Batch table `sales_data_exporter_orders_index_batches` created. Total Items: 0, batches: ~0","elapsed":"00:00:00 55 ms","pid":"423","caller":"bin\/magento indexer:reindex"} [] []
[2026-04-21T08:57:16.683950+00:00] main.INFO: {"feed":"salesOrders","operation":"full reindex(legacy)","status":"nothing to process - no items to sync. Not expected? Are there any items in source table `sales_order`?","elapsed":"00:00:00 56 ms","pid":"423","caller":"bin\/magento indexer:reindex"} [] []
[2026-04-21T08:57:16.687748+00:00] main.INFO: {"feed":"salesOrders","operation":"full reindex(legacy)","status":"Complete","elapsed":"00:00:00 59 ms","pid":"423","caller":"bin\/magento indexer:reindex"} [] []
[2026-04-21T08:57:16.719528+00:00] main.INFO: {"feed":"salesOrderStatuses","operation":"full reindex(legacy)","status":"Initialize","elapsed":"00:00:00 226 ms","pid":"423","caller":"bin\/magento indexer:reindex"} [] []
[2026-04-21T08:57:16.764431+00:00] main.INFO: {"feed":"salesOrderStatuses","operation":"full reindex(legacy)","status":"Creating batch table `sales_data_exporter_order_statuses_index_batches`. Start position: ","elapsed":"00:00:00 271 ms","pid":"423","caller":"bin\/magento indexer:reindex"} [] []
[2026-04-21T08:57:16.802449+00:00] main.INFO: {"feed":"salesOrderStatuses","operation":"full reindex(legacy)","status":"Batch table `sales_data_exporter_order_statuses_index_batches` created. Total Items: 12, batches: ~0","elapsed":"00:00:00 309 ms","pid":"423","caller":"bin\/magento indexer:reindex"} [] []
[2026-04-21T08:57:16.802986+00:00] main.INFO: {"feed":"salesOrderStatuses","operation":"full reindex(legacy)","status":"start processing `12` items in `1` threads with `100` batch size","elapsed":"00:00:00 309 ms","pid":"423","caller":"bin\/magento indexer:reindex"} [] []
[2026-04-21T08:57:16.841810+00:00] main.INFO: {"feed":"salesOrderStatuses","operation":"full reindex(legacy)","status":"Progress 1\/1, processed 12, synced 12","elapsed":"00:00:00 348 ms","pid":"423","caller":"bin\/magento indexer:reindex"} [] []
[2026-04-21T08:57:16.846729+00:00] main.INFO: {"feed":"salesOrderStatuses","operation":"full reindex(legacy)","status":"Complete","elapsed":"00:00:00 353 ms","pid":"423","caller":"bin\/magento indexer:reindex"} [] []
[2026-04-21T08:57:16.871362+00:00] main.INFO: {"feed":"stores","operation":"full reindex(legacy)","status":"Initialize","elapsed":"00:00:00 529 ms","pid":"423","caller":"bin\/magento indexer:reindex"} [] []
[2026-04-21T08:57:16.917106+00:00] main.INFO: {"feed":"stores","operation":"full reindex(legacy)","status":"Creating batch table `stores_data_exporter_index_batches`. Start position: 0","elapsed":"00:00:00 575 ms","pid":"423","caller":"bin\/magento indexer:reindex"} [] []
[2026-04-21T08:57:16.949140+00:00] main.INFO: {"feed":"stores","operation":"full reindex(legacy)","status":"Batch table `stores_data_exporter_index_batches` created. Total Items: 1, batches: ~0","elapsed":"00:00:00 607 ms","pid":"423","caller":"bin\/magento indexer:reindex"} [] []
[2026-04-21T08:57:16.949572+00:00] main.INFO: {"feed":"stores","operation":"full reindex(legacy)","status":"start processing `1` items in `1` threads with `100` batch size","elapsed":"00:00:00 608 ms","pid":"423","caller":"bin\/magento indexer:reindex"} [] []
[2026-04-21T08:57:16.961629+00:00] main.INFO: {"feed":"stores","operation":"full reindex(legacy)","status":"Progress 1\/1, processed 1, synced 1","elapsed":"00:00:00 620 ms","pid":"423","caller":"bin\/magento indexer:reindex"} [] []
[2026-04-21T08:57:16.964106+00:00] main.INFO: {"feed":"stores","operation":"full reindex(legacy)","status":"Complete","elapsed":"00:00:00 622 ms","pid":"423","caller":"bin\/magento indexer:reindex"} [] []
[2026-05-14T10:23:38.114610+00:00] main.INFO: {"feed":"salesOrders","operation":"full reindex(legacy)","status":"Initialize","elapsed":"294 ms","pid":"1579","caller":"bin\/magento indexer:reindex"} [] []
[2026-05-14T10:23:38.218411+00:00] main.INFO: {"feed":"salesOrders","operation":"full reindex(legacy)","status":"Creating batch table `sales_data_exporter_orders_index_batches`. Start position: 41","elapsed":"398 ms","pid":"1579","caller":"bin\/magento indexer:reindex"} [] []
[2026-05-14T10:23:38.316104+00:00] main.INFO: {"feed":"salesOrders","operation":"full reindex(legacy)","status":"Batch table `sales_data_exporter_orders_index_batches` created. Total Items: 107, batches: ~1","elapsed":"495 ms","pid":"1579","caller":"bin\/magento indexer:reindex"} [] []
[2026-05-14T10:23:38.316558+00:00] main.INFO: {"feed":"salesOrders","operation":"full reindex(legacy)","status":"start processing `107` items in `1` threads with `100` batch size","elapsed":"496 ms","pid":"1579","caller":"bin\/magento indexer:reindex"} [] []
[2026-05-14T10:23:38.392317+00:00] main.INFO: {"feed":"salesOrders","operation":"full reindex(legacy)","status":"Progress 2\/2, processed 107, synced 0","elapsed":"572 ms","pid":"1579","caller":"bin\/magento indexer:reindex"} [] []
[2026-05-14T10:23:38.399129+00:00] main.INFO: {"feed":"salesOrders","operation":"full reindex(legacy)","status":"Complete","elapsed":"578 ms","pid":"1579","caller":"bin\/magento indexer:reindex"} [] []
[2026-05-14T10:23:38.462690+00:00] main.INFO: {"feed":"salesOrderStatuses","operation":"full reindex(legacy)","status":"Initialize","elapsed":"990 ms","pid":"1579","caller":"bin\/magento indexer:reindex"} [] []
[2026-05-14T10:23:38.536375+00:00] main.INFO: {"feed":"salesOrderStatuses","operation":"full reindex(legacy)","status":"Creating batch table `sales_data_exporter_order_statuses_index_batches`. Start position: ","elapsed":"00:00:00 64 ms","pid":"1579","caller":"bin\/magento indexer:reindex"} [] []
[2026-05-14T10:23:38.587743+00:00] main.INFO: {"feed":"salesOrderStatuses","operation":"full reindex(legacy)","status":"Batch table `sales_data_exporter_order_statuses_index_batches` created. Total Items: 12, batches: ~0","elapsed":"00:00:00 115 ms","pid":"1579","caller":"bin\/magento indexer:reindex"} [] []
[2026-05-14T10:23:38.588306+00:00] main.INFO: {"feed":"salesOrderStatuses","operation":"full reindex(legacy)","status":"start processing `12` items in `1` threads with `100` batch size","elapsed":"00:00:00 116 ms","pid":"1579","caller":"bin\/magento indexer:reindex"} [] []
[2026-05-14T10:23:38.612813+00:00] main.INFO: {"feed":"salesOrderStatuses","operation":"full reindex(legacy)","status":"Progress 1\/1, processed 12, synced 12","elapsed":"00:00:00 140 ms","pid":"1579","caller":"bin\/magento indexer:reindex"} [] []
[2026-05-14T10:23:38.620143+00:00] main.INFO: {"feed":"salesOrderStatuses","operation":"full reindex(legacy)","status":"Complete","elapsed":"00:00:00 148 ms","pid":"1579","caller":"bin\/magento indexer:reindex"} [] []
[2026-05-14T10:23:38.661920+00:00] main.INFO: {"feed":"stores","operation":"full reindex(legacy)","status":"Initialize","elapsed":"00:00:00 389 ms","pid":"1579","caller":"bin\/magento indexer:reindex"} [] []
[2026-05-14T10:23:38.724090+00:00] main.INFO: {"feed":"stores","operation":"full reindex(legacy)","status":"Creating batch table `stores_data_exporter_index_batches`. Start position: 0","elapsed":"00:00:00 451 ms","pid":"1579","caller":"bin\/magento indexer:reindex"} [] []
[2026-05-14T10:23:38.760159+00:00] main.INFO: {"feed":"stores","operation":"full reindex(legacy)","status":"Batch table `stores_data_exporter_index_batches` created. Total Items: 1, batches: ~0","elapsed":"00:00:00 487 ms","pid":"1579","caller":"bin\/magento indexer:reindex"} [] []
[2026-05-14T10:23:38.760515+00:00] main.INFO: {"feed":"stores","operation":"full reindex(legacy)","status":"start processing `1` items in `1` threads with `100` batch size","elapsed":"00:00:00 487 ms","pid":"1579","caller":"bin\/magento indexer:reindex"} [] []
[2026-05-14T10:23:38.776826+00:00] main.INFO: {"feed":"stores","operation":"full reindex(legacy)","status":"Progress 1\/1, processed 1, synced 1","elapsed":"00:00:00 504 ms","pid":"1579","caller":"bin\/magento indexer:reindex"} [] []
[2026-05-14T10:23:38.782965+00:00] main.INFO: {"feed":"stores","operation":"full reindex(legacy)","status":"Complete","elapsed":"00:00:00 510 ms","pid":"1579","caller":"bin\/magento indexer:reindex"} [] []
